2017-01-01 00:00:11.763|192.168.234.82|"GET / HTTP/1.1"|200|"swcd (unknown version) CFNetwork/808.2.16 Darwin/15.6.0"
2017-01-01 00:00:21.164|192.168.234.82|"GET / HTTP/1.1"|200|"swcd (unknown version) CFNetwork/808.2.16 Darwin/15.6.0"
2017-01-01 00:00:23.003|192.168.169.194|"GET / HTTP/1.1"|200|"Mozilla/5.0 (Windows NT 10.0; Win64; x64) AppleWebKit/537.36 (KHTML, like Gecko) Chrome/51.0.2704.79 Safari/537.36 Edge/14.14393"
2017-01-01 00:00:40.554|192.168.234.82|"GET / HTTP/1.1"|200|"swcd (unknown version) CFNetwork/808.2.16 Darwin/15.6.0"
2017-01-01 00:00:54.583|192.168.169.194|"GET / HTTP/1.1"|200|"Mozilla/5.0 (Windows NT 10.0; Win64; x64) AppleWebKit/537.36 (KHTML, like Gecko) Chrome/51.0.2704.79 Safari/537.36 Edge/14.14393"
2017-01-01 00:00:54.639|192.168.234.82|"GET / HTTP/1.1"|200|"swcd (unknown version) CFNetwork/808.2.16 Darwin/15.6.0"
2017-01-01 00:00:59.410|192.168.169.194|"GET / HTTP/1.1"|200|"Mozilla/5.0 (Windows NT 10.0; Win64; x64) AppleWebKit/537.36 (KHTML, like Gecko) Chrome/51.0.2704.79 Safari/537.36 Edge/14.14393"
2017-01-01 00:01:02.113|192.168.247.138|"GET / HTTP/1.1"|200|"Mozilla/5.0 (Windows NT 10.0; WOW64; rv:55.0) Gecko/20100101 Firefox/55.0"
2017-01-01 00:01:04.033|192.168.54.139|"GET / HTTP/1.1"|200|"Mozilla/5.0 (Windows NT 6.2; Win64; x64) AppleWebKit/537.36 (KHTML, like Gecko) Chrome/60.0.3112.78 Safari/537.36"
2017-01-01 00:01:04.678|192.168.162.248|"GET / HTTP/1.1"|200|"swcd (unknown version) CFNetwork/808.2.16 Darwin/15.6.0"
2017-01-01 00:01:05.583|192.168.234.82|"GET / HTTP/1.1"|200|"swcd (unknown version) CFNetwork/808.2.16 Darwin/15.6.0"
2017-01-01 00:01:06.110|192.168.159.178|"GET / HTTP/1.1"|200|"Dalvik/2.1.0 (Linux; U; Android 6.0; vivo 1601 Build/MRA58K)"